checking build system type... x86_64-pc-linux-gnu
checking host system type... x86_64-pc-linux-gnu
checking for a BSD-compatible install... /usr/bin/install -c
checking whether sleep supports fractional seconds... yes
checking filesystem timestamp resolution... 0.01
checking whether build environment is sane... yes
checking for a race-free mkdir -p... /usr/bin/mkdir -p
checking for gawk... no
checking for mawk... mawk
checking whether make sets $(MAKE)... yes
checking whether make supports nested variables... yes
checking xargs -n works... yes
checking whether make supports the include directive... yes (GNU style)
checking for gcc... gcc
checking whether the C compiler works... yes
checking for C compiler default output file name... a.out
checking for suffix of executables... 
checking whether we are cross compiling... no
checking for suffix of object files... o
checking whether the compiler supports GNU C... yes
checking whether gcc accepts -g... yes
checking for gcc option to enable C11 features... none needed
checking whether gcc understands -c and -o together... yes
checking dependency style of gcc... gcc3
checking for ar... ar
checking the archiver (ar) interface... ar
checking how to print strings... printf
checking for a sed that does not truncate output... /usr/bin/sed
checking for grep that handles long lines and -e... /usr/bin/grep
checking for egrep... /usr/bin/grep -E
checking for fgrep... /usr/bin/grep -F
checking for ld used by gcc... /usr/bin/ld
checking if the linker (/usr/bin/ld) is GNU ld... yes
checking for BSD- or MS-compatible name lister (nm)... /usr/bin/nm -B
checking the name lister (/usr/bin/nm -B) interface... BSD nm
checking whether ln -s works... yes
checking the maximum length of command line arguments... 1572864
checking how to convert x86_64-pc-linux-gnu file names to x86_64-pc-linux-gnu format... func_convert_file_noop
checking how to convert x86_64-pc-linux-gnu file names to toolchain format... func_convert_file_noop
checking for /usr/bin/ld option to reload object files... -r
checking for file... file
checking for objdump... objdump
checking how to recognize dependent libraries... pass_all
checking for dlltool... no
checking how to associate runtime and link libraries... printf %s\n
checking for ranlib... ranlib
checking for archiver @FILE support... @
checking for strip... strip
checking command to parse /usr/bin/nm -B output from gcc object... ok
checking for sysroot... no
checking for a working dd... /usr/bin/dd
checking how to truncate binary pipes... /usr/bin/dd bs=4096 count=1
checking for mt... mt
checking if mt is a manifest tool... no
checking for stdio.h... yes
checking for stdlib.h... yes
checking for string.h... yes
checking for inttypes.h... yes
checking for stdint.h... yes
checking for strings.h... yes
checking for sys/stat.h... yes
checking for sys/types.h... yes
checking for unistd.h... yes
checking for dlfcn.h... yes
checking for objdir... .libs
checking if gcc supports -fno-rtti -fno-exceptions... no
checking for gcc option to produce PIC... -fPIC -DPIC
checking if gcc PIC flag -fPIC -DPIC works... yes
checking if gcc static flag -static works... yes
checking if gcc supports -c -o file.o... yes
checking if gcc supports -c -o file.o... (cached) yes
checking whether the gcc linker (/usr/bin/ld -m elf_x86_64) supports shared libraries... yes
checking dynamic linker characteristics... GNU/Linux ld.so
checking how to hardcode library paths into programs... immediate
checking whether stripping libraries is possible... yes
checking if libtool supports shared libraries... yes
checking whether to build shared libraries... no
checking whether to build static libraries... yes
checking for a sed that does not truncate output... (cached) /usr/bin/sed
checking for g++... g++
checking whether the compiler supports GNU Objective C++... no
checking whether g++ accepts -g... no
checking dependency style of g++... gcc3
checking whether byte ordering is bigendian... no
checking whether libwebpmux is to be built... yes
checking whether libwebpdemux is to be built... yes
checking whether decoder library is to be built... no
checking whether libwebpextras is to be built... no
checking whether asserts are enabled... no
checking whether gcc supports -fvisibility=hidden... yes
checking whether gcc supports -Wall... yes
checking whether gcc supports -Wconstant-conversion... no
checking whether gcc supports -Wdeclaration-after-statement... yes
checking whether gcc supports -Wextra... yes
checking whether gcc supports -Wextra-semi-stmt... no
checking whether gcc supports -Wfloat-conversion... yes
checking whether gcc supports -Wformat -Wformat-nonliteral... yes
checking whether gcc supports -Wformat -Wformat-security... yes
checking whether gcc supports -Wmissing-declarations... yes
checking whether gcc supports -Wmissing-prototypes... yes
checking whether gcc supports -Wold-style-definition... yes
checking whether gcc supports -Wparentheses-equality... no
checking whether gcc supports -Wself-assign... no
checking whether gcc supports -Wshadow... yes
checking whether gcc supports -Wshorten-64-to-32... no
checking whether gcc supports -Wstrict-prototypes... yes
checking whether gcc supports -Wundef... yes
checking whether gcc supports -Wunreachable-code-aggressive... no
checking whether gcc supports -Wunreachable-code... yes
checking whether gcc supports -Wunused-but-set-variable... yes
checking whether gcc supports -Wunused... yes
checking whether gcc supports -Wvla... yes
checking whether gcc supports -mavx2... yes
checking for immintrin.h... yes
checking whether gcc supports -msse4.1... yes
checking for smmintrin.h... yes
checking whether gcc supports -msse2... yes
checking for emmintrin.h... yes
checking for __builtin_bswap16... yes
checking for __builtin_bswap32... yes
checking for __builtin_bswap64... yes
configure: checking for threading support...
checking if compiler needs -Werror to reject unknown flags... no
checking for the pthreads library -lpthreads... no
checking whether pthreads work without any flags... yes
checking for joinable pthread attribute... PTHREAD_CREATE_JOINABLE
checking if more special flags are required for pthreads... no
checking for PTHREAD_PRIO_INHERIT... yes
configure: checking if threading is enabled... yes
checking for GL/glut.h... no
checking for GLUT/glut.h... no
checking for OpenGL/glut.h... no
configure: Not building vwebp. OpenGL libraries and --enable-libwebpdemux are required.
checking for sdl2-config... no
checking for SDL2/SDL.h... no
configure: WARNING: SDL2 library not available - no SDL.h
configure: Not building vwebp-sdl. SDL library is required.
checking for libpng-config... /usr/bin/libpng-config
checking for png.h... yes
checking for library containing png_get_libpng_ver... none required
checking for jpeglib.h... yes
checking for jpeg_set_defaults in -ljpeg... yes
checking for tiffio.h... yes
checking for TIFFGetVersion in -ltiff... yes
checking for gif_lib.h... yes
checking for DGifOpenFileHandle in -lgif... yes
checking if --enable-swap-16bit-csp option is specified... no
checking if --disable-near-lossless option is specified... no
checking that generated files are newer than configure... done
configure: creating ./config.status
config.status: creating Makefile
config.status: creating src/Makefile
config.status: creating man/Makefile
config.status: creating examples/Makefile
config.status: creating extras/Makefile
config.status: creating imageio/Makefile
config.status: creating sharpyuv/Makefile
config.status: creating sharpyuv/libsharpyuv.pc
config.status: creating src/dec/Makefile
config.status: creating src/enc/Makefile
config.status: creating src/dsp/Makefile
config.status: creating src/demux/Makefile
config.status: creating src/mux/Makefile
config.status: creating src/utils/Makefile
config.status: creating src/libwebp.pc
config.status: creating src/libwebpdecoder.pc
config.status: creating src/demux/libwebpdemux.pc
config.status: creating src/mux/libwebpmux.pc
config.status: creating src/webp/config.h
config.status: executing depfiles commands
config.status: executing libtool commands
configure:
WebP Configuration Summary
--------------------------

Shared libraries: no
Static libraries: yes
Threading support: yes
libwebp: yes
libwebpdecoder: no
libwebpdemux: yes
libwebpmux: yes
libwebpextras: no
Metal: no

Tools:
cwebp : yes
  Input format support
  ====================
  JPEG : yes
  PNG  : yes
  TIFF : yes
  WIC  : no
dwebp : yes
  Output format support
  =====================
  PNG  : yes
  WIC  : no
GIF support : yes
anim_diff   : yes
gif2webp    : yes
img2webp    : yes
webpmux     : yes
vwebp       : no
webpinfo    : yes
SDL support : no
vwebp_sdl   : no

