[  3%] Built target sharpyuv
[ 10%] Built target webputils
[ 35%] Built target webpdspdecode
[ 71%] Built target webpdsp
[ 72%] Building C object CMakeFiles/webpencode.dir/src/enc/frame_enc.c.o
[ 72%] Building CUDA object CMakeFiles/webpencode.dir/src/enc/cuda_decimate_enc.cu.o
[ 73%] Building CUDA object CMakeFiles/webpencode.dir/src/enc/cuda_enc.cu.o
[ 78%] Built target webpdecode
/home/jonas/priv/repos/libwebp-metal/src/enc/cuda_decimate_enc.cu(502): warning #177-D: function "<unnamed>::AddScoreDev" was declared but never referenced

Remark: The warnings can be suppressed with "-diag-suppress <warning-number>"

/home/jonas/priv/repos/libwebp-metal/src/enc/cuda_decimate_enc.cu(687): warning #177-D: function "<unnamed>::ImportMB" was declared but never referenced

[ 90%] Built target webpencode
[ 92%] Linking CUDA static library libwebp.a
[ 92%] Built target webp
[ 93%] Built target webpdemux
[ 94%] Built target imageioutil
[100%] Built target imagedec
[100%] Building C object CMakeFiles/webp_cuda_batch_benchmark.dir/tools/cuda_batch_benchmark.c.o
[100%] Linking CUDA executable webp_cuda_batch_benchmark
[100%] Built target webp_cuda_batch_benchmark
