[1/142] Building C object CMakeFiles/sharpyuv.dir/sharpyuv/sharpyuv_neon.c.o
[2/142] Building C object CMakeFiles/sharpyuv.dir/sharpyuv/sharpyuv_cpu.c.o
[3/142] Building C object CMakeFiles/sharpyuv.dir/sharpyuv/sharpyuv_csp.c.o
[4/142] Building C object CMakeFiles/webpdecode.dir/src/dec/alpha_dec.c.o
[5/142] Building C object CMakeFiles/webpdecode.dir/src/dec/quant_dec.c.o
[6/142] Building C object CMakeFiles/webpdecode.dir/src/dec/buffer_dec.c.o
[7/142] Building C object CMakeFiles/sharpyuv.dir/sharpyuv/sharpyuv_gamma.c.o
[8/142] Building C object CMakeFiles/sharpyuv.dir/sharpyuv/sharpyuv_dsp.c.o
[9/142] Building C object CMakeFiles/webpdecode.dir/src/dec/tree_dec.c.o
[10/142] Building C object CMakeFiles/webpdecode.dir/src/dec/idec_dec.c.o
[11/142] Building C object CMakeFiles/webpencode.dir/src/enc/accelerator_enc.c.o
[12/142] Building C object CMakeFiles/webpencode.dir/src/enc/alpha_enc.c.o
[13/142] Building C object CMakeFiles/sharpyuv.dir/sharpyuv/sharpyuv_sse2.c.o
[14/142] Building C object CMakeFiles/webpdecode.dir/src/dec/io_dec.c.o
[15/142] Building C object CMakeFiles/webpencode.dir/src/enc/config_enc.c.o
[16/142] Building C object CMakeFiles/webpdecode.dir/src/dec/webp_dec.c.o
[17/142] Building C object CMakeFiles/webpdecode.dir/src/dec/frame_dec.c.o
[18/142] Building C object CMakeFiles/webpencode.dir/src/enc/filter_enc.c.o
[19/142] Building C object CMakeFiles/webpdecode.dir/src/dec/vp8_dec.c.o
[20/142] Building C object CMakeFiles/sharpyuv.dir/sharpyuv/sharpyuv.c.o
[21/142] Building C object CMakeFiles/webpencode.dir/src/enc/analysis_enc.c.o
[22/142] Building C object CMakeFiles/webpencode.dir/src/enc/cost_enc.c.o
[23/142] Linking C static library libsharpyuv.a
[24/142] Building C object CMakeFiles/webpencode.dir/src/enc/near_lossless_enc.c.o
[25/142] Building C object CMakeFiles/webpencode.dir/src/enc/picture_enc.c.o
[26/142] Building C object CMakeFiles/webpencode.dir/src/enc/picture_rescale_enc.c.o
[27/142] Building C object CMakeFiles/webpencode.dir/src/enc/backward_references_cost_enc.c.o
[28/142] Building C object CMakeFiles/webpencode.dir/src/enc/picture_psnr_enc.c.o
[29/142] Building C object CMakeFiles/webpencode.dir/src/enc/tree_enc.c.o
[30/142] Building C object CMakeFiles/webpencode.dir/src/enc/picture_tools_enc.c.o
[31/142] Building C object CMakeFiles/webpencode.dir/src/enc/picture_csp_enc.c.o
[32/142] Building C object CMakeFiles/webpencode.dir/src/enc/iterator_enc.c.o
[33/142] Building C object CMakeFiles/webpencode.dir/src/enc/syntax_enc.c.o
[34/142] Building C object CMakeFiles/webpdecode.dir/src/dec/vp8l_dec.c.o
[35/142] Building C object CMakeFiles/webpencode.dir/src/enc/backward_references_enc.c.o
[36/142] Building C object CMakeFiles/webpdsp.dir/src/dsp/cpu.c.o
[37/142] Building C object CMakeFiles/webpdsp.dir/src/dsp/dec_clip_tables.c.o
[38/142] Building C object CMakeFiles/webpencode.dir/src/enc/token_enc.c.o
[39/142] Building C object CMakeFiles/webpencode.dir/src/enc/webp_enc.c.o
[40/142] Building C object CMakeFiles/webpencode.dir/src/enc/frame_enc.c.o
[41/142] Building C object CMakeFiles/webpencode.dir/src/enc/histogram_enc.c.o
[42/142] Building C object CMakeFiles/webpdsp.dir/src/dsp/alpha_processing.c.o
[43/142] Building C object CMakeFiles/webpdsp.dir/src/dsp/filters.c.o
[44/142] Building C object CMakeFiles/webpencode.dir/src/enc/predictor_enc.c.o
[45/142] Building C object CMakeFiles/webpdsp.dir/src/dsp/alpha_processing_sse41.c.o
[46/142] Building C object CMakeFiles/webpdsp.dir/src/dsp/dec_sse41.c.o
[47/142] Building C object CMakeFiles/webpdsp.dir/src/dsp/rescaler.c.o
[48/142] Building C object CMakeFiles/webpdsp.dir/src/dsp/lossless_sse41.c.o
[49/142] Building C object CMakeFiles/webpdsp.dir/src/dsp/upsampling_sse41.c.o
[50/142] Building C object CMakeFiles/webpdsp.dir/src/dsp/lossless.c.o
[51/142] Building C object CMakeFiles/webpdsp.dir/src/dsp/dec.c.o
[52/142] Building C object CMakeFiles/webpencode.dir/src/enc/vp8l_enc.c.o
[53/142] Building C object CMakeFiles/webpdsp.dir/src/dsp/alpha_processing_sse2.c.o
[54/142] Building C object CMakeFiles/webpdsp.dir/src/dsp/yuv_sse41.c.o
[55/142] Building C object CMakeFiles/webpdsp.dir/src/dsp/lossless_avx2.c.o
[56/142] Building C object CMakeFiles/webpencode.dir/src/enc/quant_enc.c.o
[57/142] Building C object CMakeFiles/webpdsp.dir/src/dsp/alpha_processing_neon.c.o
[58/142] Building C object CMakeFiles/webpdsp.dir/src/dsp/dec_neon.c.o
[59/142] Building C object CMakeFiles/webpdsp.dir/src/dsp/rescaler_sse2.c.o
[60/142] Building C object CMakeFiles/webpdsp.dir/src/dsp/filters_neon.c.o
[61/142] Building C object CMakeFiles/webpdsp.dir/src/dsp/lossless_neon.c.o
[62/142] Building C object CMakeFiles/webpdsp.dir/src/dsp/rescaler_neon.c.o
[63/142] Building C object CMakeFiles/webpdsp.dir/src/dsp/upsampling_neon.c.o
[64/142] Building C object CMakeFiles/webpdsp.dir/src/dsp/yuv_neon.c.o
[65/142] Building C object CMakeFiles/webpdsp.dir/src/dsp/dec_msa.c.o
[66/142] Building C object CMakeFiles/webpdsp.dir/src/dsp/filters_msa.c.o
[67/142] Building C object CMakeFiles/webpdsp.dir/src/dsp/lossless_msa.c.o
[68/142] Building C object CMakeFiles/webpdsp.dir/src/dsp/rescaler_msa.c.o
[69/142] Building C object CMakeFiles/webpdsp.dir/src/dsp/lossless_sse2.c.o
[70/142] Building C object CMakeFiles/webpdsp.dir/src/dsp/upsampling_msa.c.o
[71/142] Building C object CMakeFiles/webpdsp.dir/src/dsp/filters_sse2.c.o
[72/142] Building C object CMakeFiles/webpdsp.dir/src/dsp/dec_mips32.c.o
[73/142] Building C object CMakeFiles/webpdsp.dir/src/dsp/rescaler_mips32.c.o
[74/142] Building C object CMakeFiles/webpdsp.dir/src/dsp/yuv_mips32.c.o
[75/142] Building C object CMakeFiles/webpdsp.dir/src/dsp/alpha_processing_mips_dsp_r2.c.o
[76/142] Building C object CMakeFiles/webpdsp.dir/src/dsp/filters_mips_dsp_r2.c.o
[77/142] Building C object CMakeFiles/webpdsp.dir/src/dsp/dec_mips_dsp_r2.c.o
[78/142] Building C object CMakeFiles/webpdsp.dir/src/dsp/rescaler_mips_dsp_r2.c.o
[79/142] Building C object CMakeFiles/webpdsp.dir/src/dsp/lossless_mips_dsp_r2.c.o
[80/142] Building C object CMakeFiles/webpdsp.dir/src/dsp/yuv_mips_dsp_r2.c.o
[81/142] Building C object CMakeFiles/webpdsp.dir/src/dsp/upsampling_mips_dsp_r2.c.o
[82/142] Building C object CMakeFiles/webpdsp.dir/src/dsp/cost.c.o
[83/142] Building C object CMakeFiles/webpdsp.dir/src/dsp/dec_sse2.c.o
[84/142] Building C object CMakeFiles/webpdsp.dir/src/dsp/ssim.c.o
[85/142] Building C object CMakeFiles/webpdsp.dir/src/dsp/cost_sse2.c.o
[86/142] Building C object CMakeFiles/webpdsp.dir/src/dsp/ssim_sse2.c.o
[87/142] Building C object CMakeFiles/webpdsp.dir/src/dsp/enc_sse41.c.o
[88/142] Building C object CMakeFiles/webpdsp.dir/src/dsp/lossless_enc.c.o
[89/142] Building C object CMakeFiles/webpdsp.dir/src/dsp/lossless_enc_sse41.c.o
[90/142] Building C object CMakeFiles/webpdsp.dir/src/dsp/yuv_sse2.c.o
[91/142] Building C object CMakeFiles/webpdsp.dir/src/dsp/upsampling_sse2.c.o
[92/142] Building C object CMakeFiles/webpdsp.dir/src/dsp/cost_neon.c.o
[93/142] Building C object CMakeFiles/webpdsp.dir/src/dsp/enc_neon.c.o
[94/142] Building C object CMakeFiles/webpdsp.dir/src/dsp/lossless_enc_neon.c.o
[95/142] Building C object CMakeFiles/webpdsp.dir/src/dsp/enc_msa.c.o
[96/142] Building C object CMakeFiles/webpdsp.dir/src/dsp/lossless_enc_msa.c.o
[97/142] Building C object CMakeFiles/webpdsp.dir/src/dsp/cost_mips32.c.o
[98/142] Building C object CMakeFiles/webpdsp.dir/src/dsp/enc_mips32.c.o
[99/142] Building C object CMakeFiles/webpdsp.dir/src/dsp/lossless_enc_sse2.c.o
[100/142] Building C object CMakeFiles/webpdsp.dir/src/dsp/lossless_enc_mips32.c.o
[101/142] Building C object CMakeFiles/webpdsp.dir/src/dsp/cost_mips_dsp_r2.c.o
[102/142] Building C object CMakeFiles/webpdsp.dir/src/dsp/enc_mips_dsp_r2.c.o
[103/142] Building C object CMakeFiles/webpdsp.dir/src/dsp/lossless_enc_mips_dsp_r2.c.o
[104/142] Building C object CMakeFiles/webputils.dir/src/utils/color_cache_utils.c.o
[105/142] Building C object CMakeFiles/webputils.dir/src/utils/filters_utils.c.o
[106/142] Building C object CMakeFiles/webputils.dir/src/utils/bit_reader_utils.c.o
[107/142] Building C object CMakeFiles/webputils.dir/src/utils/rescaler_utils.c.o
[108/142] Building C object CMakeFiles/webputils.dir/src/utils/random_utils.c.o
[109/142] Building C object CMakeFiles/webpdsp.dir/src/dsp/enc_sse2.c.o
[110/142] Building C object CMakeFiles/webputils.dir/src/utils/huffman_utils.c.o
[111/142] Building C object CMakeFiles/webputils.dir/src/utils/utils.c.o
[112/142] Building C object CMakeFiles/webputils.dir/src/utils/palette.c.o
[113/142] Building C object CMakeFiles/webputils.dir/src/utils/quant_levels_dec_utils.c.o
[114/142] Building C object CMakeFiles/webputils.dir/src/utils/thread_utils.c.o
[115/142] Building C object CMakeFiles/webpdsp.dir/src/dsp/enc.c.o
[116/142] Building C object CMakeFiles/imageioutil.dir/imageio/imageio_util.c.o
[117/142] Building C object CMakeFiles/webputils.dir/src/utils/quant_levels_utils.c.o
[118/142] Building C object CMakeFiles/exampleutil.dir/examples/example_util.c.o
[119/142] Building C object CMakeFiles/webpdsp.dir/src/dsp/upsampling.c.o
[120/142] Building C object CMakeFiles/webpdemux.dir/src/demux/anim_decode.c.o
[121/142] Building C object CMakeFiles/imagedec.dir/imageio/image_dec.c.o
[122/142] Building C object CMakeFiles/imagedec.dir/imageio/metadata.c.o
[123/142] Building C object CMakeFiles/webpdsp.dir/src/dsp/yuv.c.o
[124/142] Building C object CMakeFiles/webputils.dir/src/utils/bit_writer_utils.c.o
[125/142] Building C object CMakeFiles/imagedec.dir/imageio/tiffdec.c.o
[126/142] Building C object CMakeFiles/imagedec.dir/imageio/wicdec.c.o
[127/142] Building C object CMakeFiles/imagedec.dir/imageio/jpegdec.c.o
[128/142] Building C object CMakeFiles/webputils.dir/src/utils/huffman_encode_utils.c.o
[129/142] Building C object CMakeFiles/imagedec.dir/imageio/webpdec.c.o
[130/142] Building C object CMakeFiles/imagedec.dir/imageio/pngdec.c.o
[131/142] Building C object CMakeFiles/webpdemux.dir/src/demux/demux.c.o
[132/142] Building C object CMakeFiles/imagedec.dir/imageio/pnmdec.c.o
[133/142] Building C object CMakeFiles/webpdsp.dir/src/dsp/lossless_enc_avx2.c.o
[134/142] Building C object CMakeFiles/cwebp.dir/examples/cwebp.c.o
[135/142] Building CUDA object CMakeFiles/webpencode.dir/src/enc/cuda_enc.cu.o
[136/142] Building CUDA object CMakeFiles/webpencode.dir/src/enc/cuda_decimate_enc.cu.o
/home/jonas/priv/repos/libwebp-metal/src/enc/cuda_decimate_enc.cu(502): warning #177-D: function "<unnamed>::AddScoreDev" was declared but never referenced

Remark: The warnings can be suppressed with "-diag-suppress <warning-number>"

/home/jonas/priv/repos/libwebp-metal/src/enc/cuda_decimate_enc.cu(687): warning #177-D: function "<unnamed>::ImportMB" was declared but never referenced

[137/142] Linking CUDA static library libwebp.a
[138/142] Linking CUDA static library libwebpdemux.a
[139/142] Linking CUDA static library libimageioutil.a
[140/142] Linking CUDA static library libexampleutil.a
[141/142] Linking CUDA static library libimagedec.a
[142/142] Linking CUDA executable cwebp
