-- Performing Test HAVE_BUILTIN_BSWAP16
-- Performing Test HAVE_BUILTIN_BSWAP16 - Success
-- Performing Test HAVE_BUILTIN_BSWAP32
-- Performing Test HAVE_BUILTIN_BSWAP32 - Success
-- Performing Test HAVE_BUILTIN_BSWAP64
-- Performing Test HAVE_BUILTIN_BSWAP64 - Success
-- Found OpenGL: /usr/lib/x86_64-linux-gnu/libGL.so   
-- Performing Test HAVE_MATH_LIBRARY
-- Performing Test HAVE_MATH_LIBRARY - Failed
-- Adding -lm flag.
-- Found ZLIB: /usr/lib/x86_64-linux-gnu/libz.a (found version "1.3")  
-- Found PNG: /usr/lib/x86_64-linux-gnu/libpng.a (found version "1.6.43") 
-- Found JPEG: /usr/lib/x86_64-linux-gnu/libjpeg.a (found version "80") 
-- TIFF is disabled when statically linking.
-- Could NOT find GIF (missing: GIF_LIBRARY GIF_INCLUDE_DIR) 
-- Looking for include file GLUT/glut.h
-- Looking for include file GLUT/glut.h - not found
-- Looking for include file GL/glut.h
-- Looking for include file GL/glut.h - not found
-- Looking for include file OpenGL/glut.h
-- Looking for include file OpenGL/glut.h - not found
-- Looking for include file shlwapi.h
-- Looking for include file shlwapi.h - not found
-- Looking for include file unistd.h
-- Looking for include file unistd.h - found
-- Looking for include file wincodec.h
-- Looking for include file wincodec.h - not found
-- Looking for include file windows.h
-- Looking for include file windows.h - not found
-- Performing Test WEBP_HAVE_FLAG_AVX2
-- Performing Test WEBP_HAVE_FLAG_AVX2 - Failed
-- Performing Test WEBP_HAVE_FLAG_AVX2
-- Performing Test WEBP_HAVE_FLAG_AVX2 - Success
-- Performing Test WEBP_HAVE_FLAG_SSE41
-- Performing Test WEBP_HAVE_FLAG_SSE41 - Failed
-- Performing Test WEBP_HAVE_FLAG_SSE41
-- Performing Test WEBP_HAVE_FLAG_SSE41 - Success
-- Performing Test WEBP_HAVE_FLAG_SSE2
-- Performing Test WEBP_HAVE_FLAG_SSE2 - Success
-- Performing Test WEBP_HAVE_FLAG_MIPS32
-- Performing Test WEBP_HAVE_FLAG_MIPS32 - Failed
-- Performing Test WEBP_HAVE_FLAG_MIPS32
-- Performing Test WEBP_HAVE_FLAG_MIPS32 - Failed
-- Performing Test WEBP_HAVE_FLAG_MIPS_DSP_R2
-- Performing Test WEBP_HAVE_FLAG_MIPS_DSP_R2 - Failed
-- Performing Test WEBP_HAVE_FLAG_MIPS_DSP_R2
-- Performing Test WEBP_HAVE_FLAG_MIPS_DSP_R2 - Failed
-- Performing Test HAS_COMPILE_FLAG
-- Performing Test HAS_COMPILE_FLAG - Failed
-- Performing Test WEBP_HAVE_FLAG_NEON
-- Performing Test WEBP_HAVE_FLAG_NEON - Failed
-- Performing Test WEBP_HAVE_FLAG_NEON
-- Performing Test WEBP_HAVE_FLAG_NEON - Failed
-- Performing Test WEBP_HAVE_FLAG_MSA
-- Performing Test WEBP_HAVE_FLAG_MSA - Failed
-- Performing Test WEBP_HAVE_FLAG_MSA
-- Performing Test WEBP_HAVE_FLAG_MSA - Failed
-- Performing Test HAS_COMPILE_FLAG
-- Performing Test HAS_COMPILE_FLAG - Failed
-- Performing Test WEBP_HAVE_FLAG_VSX
-- Performing Test WEBP_HAVE_FLAG_VSX - Failed
-- Performing Test WEBP_HAVE_FLAG_VSX
-- Performing Test WEBP_HAVE_FLAG_VSX - Failed
-- Performing Test HAS_COMPILE_FLAG
-- Performing Test HAS_COMPILE_FLAG - Failed
-- Configuring done (1.5s)
-- Generating done (0.1s)
-- Build files have been written to: /home/jonas/priv/repos/libwebp-metal/build-cuda-backref-profile
