### sequence=0 role=tune case=photo-medium method=4 lifecycle=cold pair=0 order=0 variant=baseline
### sequence=1 role=tune case=photo-medium method=4 lifecycle=cold pair=0 order=1 variant=candidate
### sequence=2 role=tune case=photo-medium method=4 lifecycle=cold pair=1 order=0 variant=candidate
### sequence=3 role=tune case=photo-medium method=4 lifecycle=cold pair=1 order=1 variant=baseline
### sequence=4 role=tune case=photo-medium method=4 lifecycle=cold pair=2 order=0 variant=baseline
### sequence=5 role=tune case=photo-medium method=4 lifecycle=cold pair=2 order=1 variant=candidate
### sequence=6 role=tune case=photo-medium method=4 lifecycle=cold pair=3 order=0 variant=candidate
### sequence=7 role=tune case=photo-medium method=4 lifecycle=cold pair=3 order=1 variant=baseline
### sequence=8 role=tune case=photo-medium method=4 lifecycle=cold pair=4 order=0 variant=baseline
### sequence=9 role=tune case=photo-medium method=4 lifecycle=cold pair=4 order=1 variant=candidate
### sequence=10 role=tune case=photo-medium method=4 lifecycle=cold pair=5 order=0 variant=candidate
### sequence=11 role=tune case=photo-medium method=4 lifecycle=cold pair=5 order=1 variant=baseline
### sequence=12 role=tune case=photo-medium method=4 lifecycle=cold pair=6 order=0 variant=baseline
### sequence=13 role=tune case=photo-medium method=4 lifecycle=cold pair=6 order=1 variant=candidate
### sequence=14 role=tune case=photo-medium method=4 lifecycle=cold pair=7 order=0 variant=candidate
### sequence=15 role=tune case=photo-medium method=4 lifecycle=cold pair=7 order=1 variant=baseline
### sequence=16 role=tune case=photo-medium method=4 lifecycle=cold pair=8 order=0 variant=baseline
### sequence=17 role=tune case=photo-medium method=4 lifecycle=cold pair=8 order=1 variant=candidate
### sequence=18 role=tune case=photo-medium method=4 lifecycle=cold pair=9 order=0 variant=candidate
### sequence=19 role=tune case=photo-medium method=4 lifecycle=cold pair=9 order=1 variant=baseline
### sequence=20 role=tune case=photo-medium method=4 lifecycle=cold pair=10 order=0 variant=baseline
### sequence=21 role=tune case=photo-medium method=4 lifecycle=cold pair=10 order=1 variant=candidate
### sequence=22 role=tune case=photo-medium method=4 lifecycle=warm pair=0 order=0 variant=baseline
### sequence=33 role=tune case=photo-medium method=4 lifecycle=warm pair=0 order=1 variant=candidate
### sequence=44 role=tune case=photo-medium method=4 lifecycle=warm pair=1 order=0 variant=candidate
### sequence=55 role=tune case=photo-medium method=4 lifecycle=warm pair=1 order=1 variant=baseline
### sequence=66 role=tune case=photo-medium method=4 lifecycle=warm pair=2 order=0 variant=baseline
### sequence=77 role=tune case=photo-medium method=4 lifecycle=warm pair=2 order=1 variant=candidate
### sequence=88 role=tune case=photo-medium method=4 lifecycle=warm pair=3 order=0 variant=candidate
### sequence=99 role=tune case=photo-medium method=4 lifecycle=warm pair=3 order=1 variant=baseline
### sequence=110 role=tune case=photo-medium method=4 lifecycle=warm pair=4 order=0 variant=baseline
### sequence=121 role=tune case=photo-medium method=4 lifecycle=warm pair=4 order=1 variant=candidate
### sequence=132 role=tune case=photo-medium method=4 lifecycle=warm pair=5 order=0 variant=candidate
### sequence=143 role=tune case=photo-medium method=4 lifecycle=warm pair=5 order=1 variant=baseline
### sequence=154 role=tune case=photo-medium method=6 lifecycle=cold pair=0 order=0 variant=baseline
### sequence=155 role=tune case=photo-medium method=6 lifecycle=cold pair=0 order=1 variant=candidate
### sequence=156 role=tune case=photo-medium method=6 lifecycle=cold pair=1 order=0 variant=candidate
### sequence=157 role=tune case=photo-medium method=6 lifecycle=cold pair=1 order=1 variant=baseline
### sequence=158 role=tune case=photo-medium method=6 lifecycle=cold pair=2 order=0 variant=baseline
### sequence=159 role=tune case=photo-medium method=6 lifecycle=cold pair=2 order=1 variant=candidate
### sequence=160 role=tune case=photo-medium method=6 lifecycle=cold pair=3 order=0 variant=candidate
### sequence=161 role=tune case=photo-medium method=6 lifecycle=cold pair=3 order=1 variant=baseline
### sequence=162 role=tune case=photo-medium method=6 lifecycle=cold pair=4 order=0 variant=baseline
### sequence=163 role=tune case=photo-medium method=6 lifecycle=cold pair=4 order=1 variant=candidate
### sequence=164 role=tune case=photo-medium method=6 lifecycle=cold pair=5 order=0 variant=candidate
### sequence=165 role=tune case=photo-medium method=6 lifecycle=cold pair=5 order=1 variant=baseline
### sequence=166 role=tune case=photo-medium method=6 lifecycle=cold pair=6 order=0 variant=baseline
### sequence=167 role=tune case=photo-medium method=6 lifecycle=cold pair=6 order=1 variant=candidate
### sequence=168 role=tune case=photo-medium method=6 lifecycle=cold pair=7 order=0 variant=candidate
### sequence=169 role=tune case=photo-medium method=6 lifecycle=cold pair=7 order=1 variant=baseline
### sequence=170 role=tune case=photo-medium method=6 lifecycle=cold pair=8 order=0 variant=baseline
### sequence=171 role=tune case=photo-medium method=6 lifecycle=cold pair=8 order=1 variant=candidate
### sequence=172 role=tune case=photo-medium method=6 lifecycle=cold pair=9 order=0 variant=candidate
### sequence=173 role=tune case=photo-medium method=6 lifecycle=cold pair=9 order=1 variant=baseline
### sequence=174 role=tune case=photo-medium method=6 lifecycle=cold pair=10 order=0 variant=baseline
### sequence=175 role=tune case=photo-medium method=6 lifecycle=cold pair=10 order=1 variant=candidate
### sequence=176 role=tune case=photo-medium method=6 lifecycle=warm pair=0 order=0 variant=baseline
### sequence=187 role=tune case=photo-medium method=6 lifecycle=warm pair=0 order=1 variant=candidate
### sequence=198 role=tune case=photo-medium method=6 lifecycle=warm pair=1 order=0 variant=candidate
### sequence=209 role=tune case=photo-medium method=6 lifecycle=warm pair=1 order=1 variant=baseline
### sequence=220 role=tune case=photo-medium method=6 lifecycle=warm pair=2 order=0 variant=baseline
### sequence=231 role=tune case=photo-medium method=6 lifecycle=warm pair=2 order=1 variant=candidate
### sequence=242 role=tune case=photo-medium method=6 lifecycle=warm pair=3 order=0 variant=candidate
### sequence=253 role=tune case=photo-medium method=6 lifecycle=warm pair=3 order=1 variant=baseline
### sequence=264 role=tune case=photo-medium method=6 lifecycle=warm pair=4 order=0 variant=baseline
### sequence=275 role=tune case=photo-medium method=6 lifecycle=warm pair=4 order=1 variant=candidate
### sequence=286 role=tune case=photo-medium method=6 lifecycle=warm pair=5 order=0 variant=candidate
### sequence=297 role=tune case=photo-medium method=6 lifecycle=warm pair=5 order=1 variant=baseline
### sequence=308 role=tune case=graphic-medium method=4 lifecycle=cold pair=0 order=0 variant=baseline
### sequence=309 role=tune case=graphic-medium method=4 lifecycle=cold pair=0 order=1 variant=candidate
### sequence=310 role=tune case=graphic-medium method=4 lifecycle=cold pair=1 order=0 variant=candidate
### sequence=311 role=tune case=graphic-medium method=4 lifecycle=cold pair=1 order=1 variant=baseline
### sequence=312 role=tune case=graphic-medium method=4 lifecycle=cold pair=2 order=0 variant=baseline
### sequence=313 role=tune case=graphic-medium method=4 lifecycle=cold pair=2 order=1 variant=candidate
### sequence=314 role=tune case=graphic-medium method=4 lifecycle=cold pair=3 order=0 variant=candidate
### sequence=315 role=tune case=graphic-medium method=4 lifecycle=cold pair=3 order=1 variant=baseline
### sequence=316 role=tune case=graphic-medium method=4 lifecycle=cold pair=4 order=0 variant=baseline
### sequence=317 role=tune case=graphic-medium method=4 lifecycle=cold pair=4 order=1 variant=candidate
### sequence=318 role=tune case=graphic-medium method=4 lifecycle=cold pair=5 order=0 variant=candidate
### sequence=319 role=tune case=graphic-medium method=4 lifecycle=cold pair=5 order=1 variant=baseline
### sequence=320 role=tune case=graphic-medium method=4 lifecycle=cold pair=6 order=0 variant=baseline
### sequence=321 role=tune case=graphic-medium method=4 lifecycle=cold pair=6 order=1 variant=candidate
### sequence=322 role=tune case=graphic-medium method=4 lifecycle=cold pair=7 order=0 variant=candidate
### sequence=323 role=tune case=graphic-medium method=4 lifecycle=cold pair=7 order=1 variant=baseline
### sequence=324 role=tune case=graphic-medium method=4 lifecycle=cold pair=8 order=0 variant=baseline
### sequence=325 role=tune case=graphic-medium method=4 lifecycle=cold pair=8 order=1 variant=candidate
### sequence=326 role=tune case=graphic-medium method=4 lifecycle=cold pair=9 order=0 variant=candidate
### sequence=327 role=tune case=graphic-medium method=4 lifecycle=cold pair=9 order=1 variant=baseline
### sequence=328 role=tune case=graphic-medium method=4 lifecycle=cold pair=10 order=0 variant=baseline
### sequence=329 role=tune case=graphic-medium method=4 lifecycle=cold pair=10 order=1 variant=candidate
### sequence=330 role=tune case=graphic-medium method=4 lifecycle=warm pair=0 order=0 variant=baseline
### sequence=341 role=tune case=graphic-medium method=4 lifecycle=warm pair=0 order=1 variant=candidate
### sequence=352 role=tune case=graphic-medium method=4 lifecycle=warm pair=1 order=0 variant=candidate
### sequence=363 role=tune case=graphic-medium method=4 lifecycle=warm pair=1 order=1 variant=baseline
### sequence=374 role=tune case=graphic-medium method=4 lifecycle=warm pair=2 order=0 variant=baseline
### sequence=385 role=tune case=graphic-medium method=4 lifecycle=warm pair=2 order=1 variant=candidate
### sequence=396 role=tune case=graphic-medium method=4 lifecycle=warm pair=3 order=0 variant=candidate
### sequence=407 role=tune case=graphic-medium method=4 lifecycle=warm pair=3 order=1 variant=baseline
### sequence=418 role=tune case=graphic-medium method=4 lifecycle=warm pair=4 order=0 variant=baseline
### sequence=429 role=tune case=graphic-medium method=4 lifecycle=warm pair=4 order=1 variant=candidate
### sequence=440 role=tune case=graphic-medium method=4 lifecycle=warm pair=5 order=0 variant=candidate
### sequence=451 role=tune case=graphic-medium method=4 lifecycle=warm pair=5 order=1 variant=baseline
### sequence=462 role=tune case=graphic-medium method=6 lifecycle=cold pair=0 order=0 variant=baseline
### sequence=463 role=tune case=graphic-medium method=6 lifecycle=cold pair=0 order=1 variant=candidate
### sequence=464 role=tune case=graphic-medium method=6 lifecycle=cold pair=1 order=0 variant=candidate
### sequence=465 role=tune case=graphic-medium method=6 lifecycle=cold pair=1 order=1 variant=baseline
### sequence=466 role=tune case=graphic-medium method=6 lifecycle=cold pair=2 order=0 variant=baseline
### sequence=467 role=tune case=graphic-medium method=6 lifecycle=cold pair=2 order=1 variant=candidate
### sequence=468 role=tune case=graphic-medium method=6 lifecycle=cold pair=3 order=0 variant=candidate
### sequence=469 role=tune case=graphic-medium method=6 lifecycle=cold pair=3 order=1 variant=baseline
### sequence=470 role=tune case=graphic-medium method=6 lifecycle=cold pair=4 order=0 variant=baseline
### sequence=471 role=tune case=graphic-medium method=6 lifecycle=cold pair=4 order=1 variant=candidate
### sequence=472 role=tune case=graphic-medium method=6 lifecycle=cold pair=5 order=0 variant=candidate
### sequence=473 role=tune case=graphic-medium method=6 lifecycle=cold pair=5 order=1 variant=baseline
### sequence=474 role=tune case=graphic-medium method=6 lifecycle=cold pair=6 order=0 variant=baseline
### sequence=475 role=tune case=graphic-medium method=6 lifecycle=cold pair=6 order=1 variant=candidate
### sequence=476 role=tune case=graphic-medium method=6 lifecycle=cold pair=7 order=0 variant=candidate
### sequence=477 role=tune case=graphic-medium method=6 lifecycle=cold pair=7 order=1 variant=baseline
### sequence=478 role=tune case=graphic-medium method=6 lifecycle=cold pair=8 order=0 variant=baseline
### sequence=479 role=tune case=graphic-medium method=6 lifecycle=cold pair=8 order=1 variant=candidate
### sequence=480 role=tune case=graphic-medium method=6 lifecycle=cold pair=9 order=0 variant=candidate
### sequence=481 role=tune case=graphic-medium method=6 lifecycle=cold pair=9 order=1 variant=baseline
### sequence=482 role=tune case=graphic-medium method=6 lifecycle=cold pair=10 order=0 variant=baseline
### sequence=483 role=tune case=graphic-medium method=6 lifecycle=cold pair=10 order=1 variant=candidate
### sequence=484 role=tune case=graphic-medium method=6 lifecycle=warm pair=0 order=0 variant=baseline
### sequence=495 role=tune case=graphic-medium method=6 lifecycle=warm pair=0 order=1 variant=candidate
### sequence=506 role=tune case=graphic-medium method=6 lifecycle=warm pair=1 order=0 variant=candidate
### sequence=517 role=tune case=graphic-medium method=6 lifecycle=warm pair=1 order=1 variant=baseline
### sequence=528 role=tune case=graphic-medium method=6 lifecycle=warm pair=2 order=0 variant=baseline
### sequence=539 role=tune case=graphic-medium method=6 lifecycle=warm pair=2 order=1 variant=candidate
### sequence=550 role=tune case=graphic-medium method=6 lifecycle=warm pair=3 order=0 variant=candidate
### sequence=561 role=tune case=graphic-medium method=6 lifecycle=warm pair=3 order=1 variant=baseline
### sequence=572 role=tune case=graphic-medium method=6 lifecycle=warm pair=4 order=0 variant=baseline
### sequence=583 role=tune case=graphic-medium method=6 lifecycle=warm pair=4 order=1 variant=candidate
### sequence=594 role=tune case=graphic-medium method=6 lifecycle=warm pair=5 order=0 variant=candidate
### sequence=605 role=tune case=graphic-medium method=6 lifecycle=warm pair=5 order=1 variant=baseline
### sequence=616 role=tune case=texture-medium method=4 lifecycle=cold pair=0 order=0 variant=baseline
### sequence=617 role=tune case=texture-medium method=4 lifecycle=cold pair=0 order=1 variant=candidate
### sequence=618 role=tune case=texture-medium method=4 lifecycle=cold pair=1 order=0 variant=candidate
### sequence=619 role=tune case=texture-medium method=4 lifecycle=cold pair=1 order=1 variant=baseline
### sequence=620 role=tune case=texture-medium method=4 lifecycle=cold pair=2 order=0 variant=baseline
### sequence=621 role=tune case=texture-medium method=4 lifecycle=cold pair=2 order=1 variant=candidate
### sequence=622 role=tune case=texture-medium method=4 lifecycle=cold pair=3 order=0 variant=candidate
### sequence=623 role=tune case=texture-medium method=4 lifecycle=cold pair=3 order=1 variant=baseline
### sequence=624 role=tune case=texture-medium method=4 lifecycle=cold pair=4 order=0 variant=baseline
### sequence=625 role=tune case=texture-medium method=4 lifecycle=cold pair=4 order=1 variant=candidate
### sequence=626 role=tune case=texture-medium method=4 lifecycle=cold pair=5 order=0 variant=candidate
### sequence=627 role=tune case=texture-medium method=4 lifecycle=cold pair=5 order=1 variant=baseline
### sequence=628 role=tune case=texture-medium method=4 lifecycle=cold pair=6 order=0 variant=baseline
### sequence=629 role=tune case=texture-medium method=4 lifecycle=cold pair=6 order=1 variant=candidate
### sequence=630 role=tune case=texture-medium method=4 lifecycle=cold pair=7 order=0 variant=candidate
### sequence=631 role=tune case=texture-medium method=4 lifecycle=cold pair=7 order=1 variant=baseline
### sequence=632 role=tune case=texture-medium method=4 lifecycle=cold pair=8 order=0 variant=baseline
### sequence=633 role=tune case=texture-medium method=4 lifecycle=cold pair=8 order=1 variant=candidate
### sequence=634 role=tune case=texture-medium method=4 lifecycle=cold pair=9 order=0 variant=candidate
### sequence=635 role=tune case=texture-medium method=4 lifecycle=cold pair=9 order=1 variant=baseline
### sequence=636 role=tune case=texture-medium method=4 lifecycle=cold pair=10 order=0 variant=baseline
### sequence=637 role=tune case=texture-medium method=4 lifecycle=cold pair=10 order=1 variant=candidate
### sequence=638 role=tune case=texture-medium method=4 lifecycle=warm pair=0 order=0 variant=baseline
### sequence=649 role=tune case=texture-medium method=4 lifecycle=warm pair=0 order=1 variant=candidate
### sequence=660 role=tune case=texture-medium method=4 lifecycle=warm pair=1 order=0 variant=candidate
### sequence=671 role=tune case=texture-medium method=4 lifecycle=warm pair=1 order=1 variant=baseline
### sequence=682 role=tune case=texture-medium method=4 lifecycle=warm pair=2 order=0 variant=baseline
### sequence=693 role=tune case=texture-medium method=4 lifecycle=warm pair=2 order=1 variant=candidate
### sequence=704 role=tune case=texture-medium method=4 lifecycle=warm pair=3 order=0 variant=candidate
### sequence=715 role=tune case=texture-medium method=4 lifecycle=warm pair=3 order=1 variant=baseline
### sequence=726 role=tune case=texture-medium method=4 lifecycle=warm pair=4 order=0 variant=baseline
### sequence=737 role=tune case=texture-medium method=4 lifecycle=warm pair=4 order=1 variant=candidate
### sequence=748 role=tune case=texture-medium method=4 lifecycle=warm pair=5 order=0 variant=candidate
### sequence=759 role=tune case=texture-medium method=4 lifecycle=warm pair=5 order=1 variant=baseline
### sequence=770 role=tune case=texture-medium method=6 lifecycle=cold pair=0 order=0 variant=baseline
### sequence=771 role=tune case=texture-medium method=6 lifecycle=cold pair=0 order=1 variant=candidate
### sequence=772 role=tune case=texture-medium method=6 lifecycle=cold pair=1 order=0 variant=candidate
### sequence=773 role=tune case=texture-medium method=6 lifecycle=cold pair=1 order=1 variant=baseline
### sequence=774 role=tune case=texture-medium method=6 lifecycle=cold pair=2 order=0 variant=baseline
### sequence=775 role=tune case=texture-medium method=6 lifecycle=cold pair=2 order=1 variant=candidate
### sequence=776 role=tune case=texture-medium method=6 lifecycle=cold pair=3 order=0 variant=candidate
### sequence=777 role=tune case=texture-medium method=6 lifecycle=cold pair=3 order=1 variant=baseline
### sequence=778 role=tune case=texture-medium method=6 lifecycle=cold pair=4 order=0 variant=baseline
### sequence=779 role=tune case=texture-medium method=6 lifecycle=cold pair=4 order=1 variant=candidate
### sequence=780 role=tune case=texture-medium method=6 lifecycle=cold pair=5 order=0 variant=candidate
### sequence=781 role=tune case=texture-medium method=6 lifecycle=cold pair=5 order=1 variant=baseline
### sequence=782 role=tune case=texture-medium method=6 lifecycle=cold pair=6 order=0 variant=baseline
### sequence=783 role=tune case=texture-medium method=6 lifecycle=cold pair=6 order=1 variant=candidate
### sequence=784 role=tune case=texture-medium method=6 lifecycle=cold pair=7 order=0 variant=candidate
### sequence=785 role=tune case=texture-medium method=6 lifecycle=cold pair=7 order=1 variant=baseline
### sequence=786 role=tune case=texture-medium method=6 lifecycle=cold pair=8 order=0 variant=baseline
### sequence=787 role=tune case=texture-medium method=6 lifecycle=cold pair=8 order=1 variant=candidate
### sequence=788 role=tune case=texture-medium method=6 lifecycle=cold pair=9 order=0 variant=candidate
### sequence=789 role=tune case=texture-medium method=6 lifecycle=cold pair=9 order=1 variant=baseline
### sequence=790 role=tune case=texture-medium method=6 lifecycle=cold pair=10 order=0 variant=baseline
### sequence=791 role=tune case=texture-medium method=6 lifecycle=cold pair=10 order=1 variant=candidate
### sequence=792 role=tune case=texture-medium method=6 lifecycle=warm pair=0 order=0 variant=baseline
### sequence=803 role=tune case=texture-medium method=6 lifecycle=warm pair=0 order=1 variant=candidate
### sequence=814 role=tune case=texture-medium method=6 lifecycle=warm pair=1 order=0 variant=candidate
### sequence=825 role=tune case=texture-medium method=6 lifecycle=warm pair=1 order=1 variant=baseline
### sequence=836 role=tune case=texture-medium method=6 lifecycle=warm pair=2 order=0 variant=baseline
### sequence=847 role=tune case=texture-medium method=6 lifecycle=warm pair=2 order=1 variant=candidate
### sequence=858 role=tune case=texture-medium method=6 lifecycle=warm pair=3 order=0 variant=candidate
### sequence=869 role=tune case=texture-medium method=6 lifecycle=warm pair=3 order=1 variant=baseline
### sequence=880 role=tune case=texture-medium method=6 lifecycle=warm pair=4 order=0 variant=baseline
### sequence=891 role=tune case=texture-medium method=6 lifecycle=warm pair=4 order=1 variant=candidate
### sequence=902 role=tune case=texture-medium method=6 lifecycle=warm pair=5 order=0 variant=candidate
### sequence=913 role=tune case=texture-medium method=6 lifecycle=warm pair=5 order=1 variant=baseline
### sequence=924 role=holdout case=photo-large method=4 lifecycle=cold pair=0 order=0 variant=baseline
### sequence=925 role=holdout case=photo-large method=4 lifecycle=cold pair=0 order=1 variant=candidate
### sequence=926 role=holdout case=photo-large method=4 lifecycle=cold pair=1 order=0 variant=candidate
### sequence=927 role=holdout case=photo-large method=4 lifecycle=cold pair=1 order=1 variant=baseline
### sequence=928 role=holdout case=photo-large method=4 lifecycle=cold pair=2 order=0 variant=baseline
### sequence=929 role=holdout case=photo-large method=4 lifecycle=cold pair=2 order=1 variant=candidate
### sequence=930 role=holdout case=photo-large method=4 lifecycle=cold pair=3 order=0 variant=candidate
### sequence=931 role=holdout case=photo-large method=4 lifecycle=cold pair=3 order=1 variant=baseline
### sequence=932 role=holdout case=photo-large method=4 lifecycle=cold pair=4 order=0 variant=baseline
### sequence=933 role=holdout case=photo-large method=4 lifecycle=cold pair=4 order=1 variant=candidate
### sequence=934 role=holdout case=photo-large method=4 lifecycle=cold pair=5 order=0 variant=candidate
### sequence=935 role=holdout case=photo-large method=4 lifecycle=cold pair=5 order=1 variant=baseline
### sequence=936 role=holdout case=photo-large method=4 lifecycle=cold pair=6 order=0 variant=baseline
### sequence=937 role=holdout case=photo-large method=4 lifecycle=cold pair=6 order=1 variant=candidate
### sequence=938 role=holdout case=photo-large method=4 lifecycle=cold pair=7 order=0 variant=candidate
### sequence=939 role=holdout case=photo-large method=4 lifecycle=cold pair=7 order=1 variant=baseline
### sequence=940 role=holdout case=photo-large method=4 lifecycle=cold pair=8 order=0 variant=baseline
### sequence=941 role=holdout case=photo-large method=4 lifecycle=cold pair=8 order=1 variant=candidate
### sequence=942 role=holdout case=photo-large method=4 lifecycle=cold pair=9 order=0 variant=candidate
### sequence=943 role=holdout case=photo-large method=4 lifecycle=cold pair=9 order=1 variant=baseline
### sequence=944 role=holdout case=photo-large method=4 lifecycle=cold pair=10 order=0 variant=baseline
### sequence=945 role=holdout case=photo-large method=4 lifecycle=cold pair=10 order=1 variant=candidate
### sequence=946 role=holdout case=photo-large method=4 lifecycle=warm pair=0 order=0 variant=baseline
### sequence=957 role=holdout case=photo-large method=4 lifecycle=warm pair=0 order=1 variant=candidate
### sequence=968 role=holdout case=photo-large method=4 lifecycle=warm pair=1 order=0 variant=candidate
### sequence=979 role=holdout case=photo-large method=4 lifecycle=warm pair=1 order=1 variant=baseline
### sequence=990 role=holdout case=photo-large method=4 lifecycle=warm pair=2 order=0 variant=baseline
### sequence=1001 role=holdout case=photo-large method=4 lifecycle=warm pair=2 order=1 variant=candidate
### sequence=1012 role=holdout case=photo-large method=4 lifecycle=warm pair=3 order=0 variant=candidate
### sequence=1023 role=holdout case=photo-large method=4 lifecycle=warm pair=3 order=1 variant=baseline
### sequence=1034 role=holdout case=photo-large method=4 lifecycle=warm pair=4 order=0 variant=baseline
### sequence=1045 role=holdout case=photo-large method=4 lifecycle=warm pair=4 order=1 variant=candidate
### sequence=1056 role=holdout case=photo-large method=4 lifecycle=warm pair=5 order=0 variant=candidate
### sequence=1067 role=holdout case=photo-large method=4 lifecycle=warm pair=5 order=1 variant=baseline
### sequence=1078 role=holdout case=photo-large method=6 lifecycle=cold pair=0 order=0 variant=baseline
### sequence=1079 role=holdout case=photo-large method=6 lifecycle=cold pair=0 order=1 variant=candidate
### sequence=1080 role=holdout case=photo-large method=6 lifecycle=cold pair=1 order=0 variant=candidate
### sequence=1081 role=holdout case=photo-large method=6 lifecycle=cold pair=1 order=1 variant=baseline
### sequence=1082 role=holdout case=photo-large method=6 lifecycle=cold pair=2 order=0 variant=baseline
### sequence=1083 role=holdout case=photo-large method=6 lifecycle=cold pair=2 order=1 variant=candidate
### sequence=1084 role=holdout case=photo-large method=6 lifecycle=cold pair=3 order=0 variant=candidate
### sequence=1085 role=holdout case=photo-large method=6 lifecycle=cold pair=3 order=1 variant=baseline
### sequence=1086 role=holdout case=photo-large method=6 lifecycle=cold pair=4 order=0 variant=baseline
### sequence=1087 role=holdout case=photo-large method=6 lifecycle=cold pair=4 order=1 variant=candidate
### sequence=1088 role=holdout case=photo-large method=6 lifecycle=cold pair=5 order=0 variant=candidate
### sequence=1089 role=holdout case=photo-large method=6 lifecycle=cold pair=5 order=1 variant=baseline
### sequence=1090 role=holdout case=photo-large method=6 lifecycle=cold pair=6 order=0 variant=baseline
### sequence=1091 role=holdout case=photo-large method=6 lifecycle=cold pair=6 order=1 variant=candidate
### sequence=1092 role=holdout case=photo-large method=6 lifecycle=cold pair=7 order=0 variant=candidate
### sequence=1093 role=holdout case=photo-large method=6 lifecycle=cold pair=7 order=1 variant=baseline
### sequence=1094 role=holdout case=photo-large method=6 lifecycle=cold pair=8 order=0 variant=baseline
### sequence=1095 role=holdout case=photo-large method=6 lifecycle=cold pair=8 order=1 variant=candidate
### sequence=1096 role=holdout case=photo-large method=6 lifecycle=cold pair=9 order=0 variant=candidate
### sequence=1097 role=holdout case=photo-large method=6 lifecycle=cold pair=9 order=1 variant=baseline
### sequence=1098 role=holdout case=photo-large method=6 lifecycle=cold pair=10 order=0 variant=baseline
### sequence=1099 role=holdout case=photo-large method=6 lifecycle=cold pair=10 order=1 variant=candidate
### sequence=1100 role=holdout case=photo-large method=6 lifecycle=warm pair=0 order=0 variant=baseline
### sequence=1111 role=holdout case=photo-large method=6 lifecycle=warm pair=0 order=1 variant=candidate
### sequence=1122 role=holdout case=photo-large method=6 lifecycle=warm pair=1 order=0 variant=candidate
### sequence=1133 role=holdout case=photo-large method=6 lifecycle=warm pair=1 order=1 variant=baseline
### sequence=1144 role=holdout case=photo-large method=6 lifecycle=warm pair=2 order=0 variant=baseline
### sequence=1155 role=holdout case=photo-large method=6 lifecycle=warm pair=2 order=1 variant=candidate
### sequence=1166 role=holdout case=photo-large method=6 lifecycle=warm pair=3 order=0 variant=candidate
### sequence=1177 role=holdout case=photo-large method=6 lifecycle=warm pair=3 order=1 variant=baseline
### sequence=1188 role=holdout case=photo-large method=6 lifecycle=warm pair=4 order=0 variant=baseline
### sequence=1199 role=holdout case=photo-large method=6 lifecycle=warm pair=4 order=1 variant=candidate
### sequence=1210 role=holdout case=photo-large method=6 lifecycle=warm pair=5 order=0 variant=candidate
### sequence=1221 role=holdout case=photo-large method=6 lifecycle=warm pair=5 order=1 variant=baseline
### sequence=1232 role=holdout case=graphic-large method=4 lifecycle=cold pair=0 order=0 variant=baseline
### sequence=1233 role=holdout case=graphic-large method=4 lifecycle=cold pair=0 order=1 variant=candidate
### sequence=1234 role=holdout case=graphic-large method=4 lifecycle=cold pair=1 order=0 variant=candidate
### sequence=1235 role=holdout case=graphic-large method=4 lifecycle=cold pair=1 order=1 variant=baseline
### sequence=1236 role=holdout case=graphic-large method=4 lifecycle=cold pair=2 order=0 variant=baseline
### sequence=1237 role=holdout case=graphic-large method=4 lifecycle=cold pair=2 order=1 variant=candidate
### sequence=1238 role=holdout case=graphic-large method=4 lifecycle=cold pair=3 order=0 variant=candidate
### sequence=1239 role=holdout case=graphic-large method=4 lifecycle=cold pair=3 order=1 variant=baseline
### sequence=1240 role=holdout case=graphic-large method=4 lifecycle=cold pair=4 order=0 variant=baseline
### sequence=1241 role=holdout case=graphic-large method=4 lifecycle=cold pair=4 order=1 variant=candidate
### sequence=1242 role=holdout case=graphic-large method=4 lifecycle=cold pair=5 order=0 variant=candidate
### sequence=1243 role=holdout case=graphic-large method=4 lifecycle=cold pair=5 order=1 variant=baseline
### sequence=1244 role=holdout case=graphic-large method=4 lifecycle=cold pair=6 order=0 variant=baseline
### sequence=1245 role=holdout case=graphic-large method=4 lifecycle=cold pair=6 order=1 variant=candidate
### sequence=1246 role=holdout case=graphic-large method=4 lifecycle=cold pair=7 order=0 variant=candidate
### sequence=1247 role=holdout case=graphic-large method=4 lifecycle=cold pair=7 order=1 variant=baseline
### sequence=1248 role=holdout case=graphic-large method=4 lifecycle=cold pair=8 order=0 variant=baseline
### sequence=1249 role=holdout case=graphic-large method=4 lifecycle=cold pair=8 order=1 variant=candidate
### sequence=1250 role=holdout case=graphic-large method=4 lifecycle=cold pair=9 order=0 variant=candidate
### sequence=1251 role=holdout case=graphic-large method=4 lifecycle=cold pair=9 order=1 variant=baseline
### sequence=1252 role=holdout case=graphic-large method=4 lifecycle=cold pair=10 order=0 variant=baseline
### sequence=1253 role=holdout case=graphic-large method=4 lifecycle=cold pair=10 order=1 variant=candidate
### sequence=1254 role=holdout case=graphic-large method=4 lifecycle=warm pair=0 order=0 variant=baseline
### sequence=1265 role=holdout case=graphic-large method=4 lifecycle=warm pair=0 order=1 variant=candidate
### sequence=1276 role=holdout case=graphic-large method=4 lifecycle=warm pair=1 order=0 variant=candidate
### sequence=1287 role=holdout case=graphic-large method=4 lifecycle=warm pair=1 order=1 variant=baseline
### sequence=1298 role=holdout case=graphic-large method=4 lifecycle=warm pair=2 order=0 variant=baseline
### sequence=1309 role=holdout case=graphic-large method=4 lifecycle=warm pair=2 order=1 variant=candidate
### sequence=1320 role=holdout case=graphic-large method=4 lifecycle=warm pair=3 order=0 variant=candidate
### sequence=1331 role=holdout case=graphic-large method=4 lifecycle=warm pair=3 order=1 variant=baseline
### sequence=1342 role=holdout case=graphic-large method=4 lifecycle=warm pair=4 order=0 variant=baseline
### sequence=1353 role=holdout case=graphic-large method=4 lifecycle=warm pair=4 order=1 variant=candidate
### sequence=1364 role=holdout case=graphic-large method=4 lifecycle=warm pair=5 order=0 variant=candidate
### sequence=1375 role=holdout case=graphic-large method=4 lifecycle=warm pair=5 order=1 variant=baseline
### sequence=1386 role=holdout case=graphic-large method=6 lifecycle=cold pair=0 order=0 variant=baseline
### sequence=1387 role=holdout case=graphic-large method=6 lifecycle=cold pair=0 order=1 variant=candidate
### sequence=1388 role=holdout case=graphic-large method=6 lifecycle=cold pair=1 order=0 variant=candidate
### sequence=1389 role=holdout case=graphic-large method=6 lifecycle=cold pair=1 order=1 variant=baseline
### sequence=1390 role=holdout case=graphic-large method=6 lifecycle=cold pair=2 order=0 variant=baseline
### sequence=1391 role=holdout case=graphic-large method=6 lifecycle=cold pair=2 order=1 variant=candidate
### sequence=1392 role=holdout case=graphic-large method=6 lifecycle=cold pair=3 order=0 variant=candidate
### sequence=1393 role=holdout case=graphic-large method=6 lifecycle=cold pair=3 order=1 variant=baseline
### sequence=1394 role=holdout case=graphic-large method=6 lifecycle=cold pair=4 order=0 variant=baseline
### sequence=1395 role=holdout case=graphic-large method=6 lifecycle=cold pair=4 order=1 variant=candidate
### sequence=1396 role=holdout case=graphic-large method=6 lifecycle=cold pair=5 order=0 variant=candidate
### sequence=1397 role=holdout case=graphic-large method=6 lifecycle=cold pair=5 order=1 variant=baseline
### sequence=1398 role=holdout case=graphic-large method=6 lifecycle=cold pair=6 order=0 variant=baseline
### sequence=1399 role=holdout case=graphic-large method=6 lifecycle=cold pair=6 order=1 variant=candidate
### sequence=1400 role=holdout case=graphic-large method=6 lifecycle=cold pair=7 order=0 variant=candidate
### sequence=1401 role=holdout case=graphic-large method=6 lifecycle=cold pair=7 order=1 variant=baseline
### sequence=1402 role=holdout case=graphic-large method=6 lifecycle=cold pair=8 order=0 variant=baseline
### sequence=1403 role=holdout case=graphic-large method=6 lifecycle=cold pair=8 order=1 variant=candidate
### sequence=1404 role=holdout case=graphic-large method=6 lifecycle=cold pair=9 order=0 variant=candidate
### sequence=1405 role=holdout case=graphic-large method=6 lifecycle=cold pair=9 order=1 variant=baseline
### sequence=1406 role=holdout case=graphic-large method=6 lifecycle=cold pair=10 order=0 variant=baseline
### sequence=1407 role=holdout case=graphic-large method=6 lifecycle=cold pair=10 order=1 variant=candidate
### sequence=1408 role=holdout case=graphic-large method=6 lifecycle=warm pair=0 order=0 variant=baseline
### sequence=1419 role=holdout case=graphic-large method=6 lifecycle=warm pair=0 order=1 variant=candidate
### sequence=1430 role=holdout case=graphic-large method=6 lifecycle=warm pair=1 order=0 variant=candidate
### sequence=1441 role=holdout case=graphic-large method=6 lifecycle=warm pair=1 order=1 variant=baseline
### sequence=1452 role=holdout case=graphic-large method=6 lifecycle=warm pair=2 order=0 variant=baseline
### sequence=1463 role=holdout case=graphic-large method=6 lifecycle=warm pair=2 order=1 variant=candidate
### sequence=1474 role=holdout case=graphic-large method=6 lifecycle=warm pair=3 order=0 variant=candidate
### sequence=1485 role=holdout case=graphic-large method=6 lifecycle=warm pair=3 order=1 variant=baseline
### sequence=1496 role=holdout case=graphic-large method=6 lifecycle=warm pair=4 order=0 variant=baseline
### sequence=1507 role=holdout case=graphic-large method=6 lifecycle=warm pair=4 order=1 variant=candidate
### sequence=1518 role=holdout case=graphic-large method=6 lifecycle=warm pair=5 order=0 variant=candidate
### sequence=1529 role=holdout case=graphic-large method=6 lifecycle=warm pair=5 order=1 variant=baseline
### sequence=1540 role=holdout case=texture-large method=4 lifecycle=cold pair=0 order=0 variant=baseline
### sequence=1541 role=holdout case=texture-large method=4 lifecycle=cold pair=0 order=1 variant=candidate
### sequence=1542 role=holdout case=texture-large method=4 lifecycle=cold pair=1 order=0 variant=candidate
### sequence=1543 role=holdout case=texture-large method=4 lifecycle=cold pair=1 order=1 variant=baseline
### sequence=1544 role=holdout case=texture-large method=4 lifecycle=cold pair=2 order=0 variant=baseline
### sequence=1545 role=holdout case=texture-large method=4 lifecycle=cold pair=2 order=1 variant=candidate
### sequence=1546 role=holdout case=texture-large method=4 lifecycle=cold pair=3 order=0 variant=candidate
### sequence=1547 role=holdout case=texture-large method=4 lifecycle=cold pair=3 order=1 variant=baseline
### sequence=1548 role=holdout case=texture-large method=4 lifecycle=cold pair=4 order=0 variant=baseline
### sequence=1549 role=holdout case=texture-large method=4 lifecycle=cold pair=4 order=1 variant=candidate
### sequence=1550 role=holdout case=texture-large method=4 lifecycle=cold pair=5 order=0 variant=candidate
### sequence=1551 role=holdout case=texture-large method=4 lifecycle=cold pair=5 order=1 variant=baseline
### sequence=1552 role=holdout case=texture-large method=4 lifecycle=cold pair=6 order=0 variant=baseline
### sequence=1553 role=holdout case=texture-large method=4 lifecycle=cold pair=6 order=1 variant=candidate
### sequence=1554 role=holdout case=texture-large method=4 lifecycle=cold pair=7 order=0 variant=candidate
### sequence=1555 role=holdout case=texture-large method=4 lifecycle=cold pair=7 order=1 variant=baseline
### sequence=1556 role=holdout case=texture-large method=4 lifecycle=cold pair=8 order=0 variant=baseline
### sequence=1557 role=holdout case=texture-large method=4 lifecycle=cold pair=8 order=1 variant=candidate
### sequence=1558 role=holdout case=texture-large method=4 lifecycle=cold pair=9 order=0 variant=candidate
### sequence=1559 role=holdout case=texture-large method=4 lifecycle=cold pair=9 order=1 variant=baseline
### sequence=1560 role=holdout case=texture-large method=4 lifecycle=cold pair=10 order=0 variant=baseline
### sequence=1561 role=holdout case=texture-large method=4 lifecycle=cold pair=10 order=1 variant=candidate
### sequence=1562 role=holdout case=texture-large method=4 lifecycle=warm pair=0 order=0 variant=baseline
### sequence=1573 role=holdout case=texture-large method=4 lifecycle=warm pair=0 order=1 variant=candidate
### sequence=1584 role=holdout case=texture-large method=4 lifecycle=warm pair=1 order=0 variant=candidate
### sequence=1595 role=holdout case=texture-large method=4 lifecycle=warm pair=1 order=1 variant=baseline
### sequence=1606 role=holdout case=texture-large method=4 lifecycle=warm pair=2 order=0 variant=baseline
### sequence=1617 role=holdout case=texture-large method=4 lifecycle=warm pair=2 order=1 variant=candidate
### sequence=1628 role=holdout case=texture-large method=4 lifecycle=warm pair=3 order=0 variant=candidate
### sequence=1639 role=holdout case=texture-large method=4 lifecycle=warm pair=3 order=1 variant=baseline
### sequence=1650 role=holdout case=texture-large method=4 lifecycle=warm pair=4 order=0 variant=baseline
### sequence=1661 role=holdout case=texture-large method=4 lifecycle=warm pair=4 order=1 variant=candidate
### sequence=1672 role=holdout case=texture-large method=4 lifecycle=warm pair=5 order=0 variant=candidate
### sequence=1683 role=holdout case=texture-large method=4 lifecycle=warm pair=5 order=1 variant=baseline
### sequence=1694 role=holdout case=texture-large method=6 lifecycle=cold pair=0 order=0 variant=baseline
### sequence=1695 role=holdout case=texture-large method=6 lifecycle=cold pair=0 order=1 variant=candidate
### sequence=1696 role=holdout case=texture-large method=6 lifecycle=cold pair=1 order=0 variant=candidate
### sequence=1697 role=holdout case=texture-large method=6 lifecycle=cold pair=1 order=1 variant=baseline
### sequence=1698 role=holdout case=texture-large method=6 lifecycle=cold pair=2 order=0 variant=baseline
### sequence=1699 role=holdout case=texture-large method=6 lifecycle=cold pair=2 order=1 variant=candidate
### sequence=1700 role=holdout case=texture-large method=6 lifecycle=cold pair=3 order=0 variant=candidate
### sequence=1701 role=holdout case=texture-large method=6 lifecycle=cold pair=3 order=1 variant=baseline
### sequence=1702 role=holdout case=texture-large method=6 lifecycle=cold pair=4 order=0 variant=baseline
### sequence=1703 role=holdout case=texture-large method=6 lifecycle=cold pair=4 order=1 variant=candidate
### sequence=1704 role=holdout case=texture-large method=6 lifecycle=cold pair=5 order=0 variant=candidate
### sequence=1705 role=holdout case=texture-large method=6 lifecycle=cold pair=5 order=1 variant=baseline
### sequence=1706 role=holdout case=texture-large method=6 lifecycle=cold pair=6 order=0 variant=baseline
### sequence=1707 role=holdout case=texture-large method=6 lifecycle=cold pair=6 order=1 variant=candidate
### sequence=1708 role=holdout case=texture-large method=6 lifecycle=cold pair=7 order=0 variant=candidate
### sequence=1709 role=holdout case=texture-large method=6 lifecycle=cold pair=7 order=1 variant=baseline
### sequence=1710 role=holdout case=texture-large method=6 lifecycle=cold pair=8 order=0 variant=baseline
### sequence=1711 role=holdout case=texture-large method=6 lifecycle=cold pair=8 order=1 variant=candidate
### sequence=1712 role=holdout case=texture-large method=6 lifecycle=cold pair=9 order=0 variant=candidate
### sequence=1713 role=holdout case=texture-large method=6 lifecycle=cold pair=9 order=1 variant=baseline
### sequence=1714 role=holdout case=texture-large method=6 lifecycle=cold pair=10 order=0 variant=baseline
### sequence=1715 role=holdout case=texture-large method=6 lifecycle=cold pair=10 order=1 variant=candidate
### sequence=1716 role=holdout case=texture-large method=6 lifecycle=warm pair=0 order=0 variant=baseline
### sequence=1727 role=holdout case=texture-large method=6 lifecycle=warm pair=0 order=1 variant=candidate
### sequence=1738 role=holdout case=texture-large method=6 lifecycle=warm pair=1 order=0 variant=candidate
### sequence=1749 role=holdout case=texture-large method=6 lifecycle=warm pair=1 order=1 variant=baseline
### sequence=1760 role=holdout case=texture-large method=6 lifecycle=warm pair=2 order=0 variant=baseline
### sequence=1771 role=holdout case=texture-large method=6 lifecycle=warm pair=2 order=1 variant=candidate
### sequence=1782 role=holdout case=texture-large method=6 lifecycle=warm pair=3 order=0 variant=candidate
### sequence=1793 role=holdout case=texture-large method=6 lifecycle=warm pair=3 order=1 variant=baseline
### sequence=1804 role=holdout case=texture-large method=6 lifecycle=warm pair=4 order=0 variant=baseline
### sequence=1815 role=holdout case=texture-large method=6 lifecycle=warm pair=4 order=1 variant=candidate
### sequence=1826 role=holdout case=texture-large method=6 lifecycle=warm pair=5 order=0 variant=candidate
### sequence=1837 role=holdout case=texture-large method=6 lifecycle=warm pair=5 order=1 variant=baseline
